#-----------------------------------------------------------
# Vivado v2024.2 (64-bit)
# SW Build 5239630 on Fri Nov 08 22:35:27 MST 2024
# IP Build 5239520 on Sun Nov 10 16:12:51 MST 2024
# SharedData Build 5239561 on Fri Nov 08 14:39:27 MST 2024
# Start of session at: Fri Apr 17 13:54:16 2026
# Process ID         : 40816
# Current directory  : C:/Users/Subat/OneDrive/Documents/GitHub/Hardware-Robotic/verilog_challenge5/sequential_ch
# Command line       : vivado.exe -gui_launcher_event rodinguilauncherevent41944 C:\Users\Subat\OneDrive\Documents\GitHub\Hardware-Robotic\verilog_challenge5\sequential_ch\sequential_ch.xpr
# Log file           : C:/Users/Subat/OneDrive/Documents/GitHub/Hardware-Robotic/verilog_challenge5/sequential_ch/vivado.log
# Journal file       : C:/Users/Subat/OneDrive/Documents/GitHub/Hardware-Robotic/verilog_challenge5/sequential_ch\vivado.jou
# Running On         : WilliamY-LT
# Platform           : Windows Server 2016 or Windows 10
# Operating System   : 26200
# Processor Detail   : Intel(R) Core(TM) Ultra 9 185H
# CPU Frequency      : 3072 MHz
# CPU Physical cores : 16
# CPU Logical cores  : 22
# Host memory        : 68137 MB
# Swap memory        : 4294 MB
# Total Virtual      : 72432 MB
# Available Virtual  : 41601 MB
#-----------------------------------------------------------
start_gui
open_project C:/Users/Subat/OneDrive/Documents/GitHub/Hardware-Robotic/verilog_challenge5/sequential_ch/sequential_ch.xpr
INFO: [ProjectBase 1-489] The host OS only allows 260 characters in a normal path. The project is stored in a path with more than 80 characters. If you experience issues with IP, Block Designs, or files not being found, please consider moving the project to a location with a shorter path. Alternately consider using the OS subst command to map part of the path to a drive letter.
Current project path is 'C:/Users/Subat/OneDrive/Documents/GitHub/Hardware-Robotic/verilog_challenge5/sequential_ch'
INFO: [filemgmt 56-3] Default IP Output Path : Could not find the directory 'C:/Users/Subat/OneDrive/Documents/GitHub/Hardware-Robotic/verilog_challenge5/sequential_ch/sequential_ch.gen/sources_1'.
Scanning sources...
Finished scanning sources
INFO: [IP_Flow 19-234] Refreshing IP repositories
INFO: [IP_Flow 19-1704] No user IP repositories specified
INFO: [IP_Flow 19-2313] Loaded Vivado IP repository 'C:/Xilinx/Vivado/2024.2/data/ip'.
open_project: Time (s): cpu = 00:00:23 ; elapsed = 00:00:09 . Memory (MB): peak = 1159.453 ; gain = 24.648
update_compile_order -fileset sources_1
exit
INFO: [Common 17-206] Exiting Vivado at Fri Apr 17 13:56:13 2026...
